// Jest Snapshot v1, https://goo.gl/fbAQLP

exports[`Main component render correct 1`] = `
<section
  className="cities__map map"
/>
`;
