// Jest Snapshot v1, https://goo.gl/fbAQLP

exports[`LocationsItem component render correct 1`] = `
<li
  className="locations__item"
  onClick={[Function]}
>
  <a
    className="locations__item-link tabs__item "
    href="#"
  >
    <span>
      Amsterdam
    </span>
  </a>
</li>
`;
